Portal:Biology
Biology
Biologist
Bibliography of encyclopedias: biology
Bioactive terrarium
Bioliteracy
Biological constraints
Biospeleology
Cancer exodus hypothesis
Dermestarium
Endogeny (biology)
Excretion
High throughput biology
Plasmagene
Poison exon
Polylecty
Spatial biology
Tokogeny
Universality–diversity paradigm
Category:Biology by city
Category:Biology by country subdivision
Category:Biology by dependent territory
Category:Biology by continent
Category:Biology by country
Category:Branches of biology
Category:Organisms
Category:Biologists
Category:Biology-related lists
Category:Works about biology
Category:Bioelectricity
Category:Biomagnetics
Category:Biological censuses
Category:Biological classification
Category:Biological concepts
Category:Biological contamination
Category:Biology and culture
Category:Biological descriptions
Category:Biology education
Category:Eponyms in biology
Category:Eukaryote biology
Category:Food science
Category:Geometry in biology
Category:History of biology
Category:Biology images
Category:Biological interactions
Category:Philosophy of biology
Category:Biological processes
Category:Quantum biology
Category:Biological records
Category:Biological rules
Category:Biology in society
Category:Specimens
Category:Biological systems
Category:Biological techniques and tools
Category:Biology terminology
Category:Unsolved problems in biology
Category:Biological waste
Category:Biology stubs
Category:Medicine by city
Category:Medicine by country subdivision
Category:Medicine by dependent territory
Category:Biology in Bermuda
Category:Biology in the British Virgin Islands
Category:Biology in the Cayman Islands
Category:Biology in Gibraltar
Category:Botany by continent
Category:Biota by continent
Category:Biology in Europe
Category:Biotechnology by country
Category:Botany by country
Category:Ecology by country
Category:Genetics by country
Category:Medicine by country
Category:Neuroscience by country
Category:Nutrition by country
Category:Biology organizations by country
Category:Paleontology by country
Category:Zoology by country
Category:Biota by country
Category:Biologists by nationality
Category:Biology in Afghanistan
Category:Biology in Albania
Category:Biology in Algeria
Category:Biology in Andorra
Category:Biology in Angola
Category:Biology in Antigua and Barbuda
Category:Biology in Argentina
Category:Biology in Armenia
Category:Biology in Australia
Category:Biology in Austria
Category:Biology in Azerbaijan
Category:Biology in the Bahamas
Category:Biology in Bahrain
Category:Biology in Bangladesh
Category:Biology in Barbados
Category:Biology in Belarus
Category:Biology in Belgium
Category:Biology in Belize
Category:Biology in Benin
Category:Biology in Bolivia
Category:Biology in Bosnia and Herzegovina
Category:Biology in Botswana
Category:Biology in Brazil
Category:Biology in Brunei
Category:Biology in Bulgaria
Category:Biology in Burkina Faso
Category:Biology in Burundi
Category:Biology in Cambodia
Category:Biology in Cameroon
Category:Biology in Canada
Category:Biology in Cape Verde
Category:Biology in the Central African Republic
Category:Biology in Chad
Category:Biology in Chile
Category:Biology in China
Category:Biology in Colombia
Category:Biology in the Democratic Republic of the Congo
Category:Biology in Costa Rica
Category:Biology in Croatia
Category:Biology in Cuba
Category:Biology in Cyprus
Category:Biology in the Czech Republic
Category:Biology in Denmark
Category:Biology in Dominica
Category:Biology in the Dominican Republic
Category:Biology in Timor-Leste
Category:Biology in Ecuador
Category:Biology in Egypt
Category:Biology in El Salvador
Category:Biology in Estonia
Category:Biology in Eswatini
Category:Biology in Ethiopia
Category:Biology in Fiji
Category:Biology in Finland
Category:Biology in France
Category:Biology in Gabon
Category:Biology in the Gambia
Category:Biology in Georgia (country)
Category:Biology in Germany
Category:Biology in Ghana
Category:Biology in Greece
Category:Biology in Grenada
Category:Biology in Guatemala
Category:Biology in Guinea
Category:Biology in Guinea-Bissau
Category:Biology in Guyana
Category:Biology in Haiti
Category:Biology in Honduras
Category:Biology in Hungary
Category:Biology in Iceland
Category:Biology in India
Category:Biology in Indonesia
Category:Biology in Iran
Category:Biology in Iraq
Category:Biology in Ireland
Category:Biology in Israel
Category:Biology in Italy
Category:Biology in Ivory Coast
Category:Biology in Jamaica
Category:Biology in Japan
Category:Biology in Jordan
Category:Biology in Kazakhstan
Category:Biology in Kenya
Category:Biology in Kiribati
Category:Biology in Kosovo
Category:Biology in Kuwait
Category:Biology in Kyrgyzstan
Category:Biology in Latvia
Category:Biology in Lithuania
Category:Biology in Malaysia
Category:Biology in Mexico
Category:Biology in Myanmar
Category:Biology in Nepal
Category:Biology in the Netherlands
Category:Biology in New Zealand
Category:Biology in Nigeria
Category:Biology in Norway
Category:Biology in Pakistan
Category:Biology in Paraguay
Category:Biology in Peru
Category:Biology in the Philippines
Category:Biology in Poland
Category:Biology in Portugal
Category:Biology in Romania
Category:Biology in Russia
Category:Biology in Saint Kitts and Nevis
Category:Biology in Senegal
Category:Biology in Slovakia
Category:Biology in Slovenia
Category:Biology in South Africa
Category:Biology in South Korea
Category:Biology in the Soviet Union
Category:Biology in Spain
Category:Biology in Sri Lanka
Category:Biology in Sweden
Category:Biology in Switzerland
Category:Biology in Taiwan
Category:Biology in Tajikistan
Category:Biology in Thailand
Category:Biology in Turkey
Category:Biology in Uganda
Category:Biology in Ukraine
Category:Biology in the United Arab Emirates
Category:Biology in the United Kingdom
Category:Biology in the United States
Category:Biology in Uruguay
Aerobiology
Allometry
Anatomy
Archaeobiology
Astrobiology
Bioclimatology
Biocybernetics
Biomedicine
Chemical biology
Chemoproteomics
Cognitive biology
Cranial evolutionary allometry
Ethnobiology
Experimental biology
Folk biology
Forensic biology
Gerontology
Glycobiology
Hydrobiology
Idiobiology
Lichenology
Lipidology
Mechanobiology
Microbiology
Morphology (biology)
Mycology
Neuromechanics
Organography
Pathology
Pharmacometabolomics
Phenology
Phenomics
Photobiology
Physiological relevance
Physiology
Protistology
Quantitative biology
Reproductive biology
Scotobiology
Sociobiology
Vermeology
Welfare biology
Zoology
Category:Branches of botany
Category:Branches of microbiology
Category:Branches of mycology
Category:Subfields of zoology
Category:Subfields of evolutionary biology
Category:Branches of genetics
Category:Branches of immunology
Category:Branches of medical specialties
Category:Biologists by field of research
Category:History of biology by subdiscipline
Category:Anatomy
Category:Astrobiology
Category:Biochemistry
Category:Biogeography
Category:Biomedicine
Category:Bionics
Category:Biophysics
Category:Biotechnology
Category:Botany
Category:Cell biology
Category:Chemical biology
Category:Chronobiology
Category:Computational biology
Category:Conservation biology
Category:Developmental biology
Category:Ecology
Category:Evolutionary biology
Category:Genetics
Category:Geobiology
Category:Gerontology
Category:Human biology
Category:Immunology
Category:Lichenology
Category:Marine biology
Category:Medicine
Category:Microbiology
Category:Molecular biology
Category:Morphology (biology)
Category:Mycology
Category:Neuroscience
Category:Paleobiology
Category:Pathology
Category:Physiology
Category:Radiobiology
Category:Soil biology
Category:Structural biology
Category:Systems biology
Category:Taxonomy (biology)
Category:Zoology
Fauna
Flora
Organism
Taxon
Category:Biota by conservation status
Category:Biota by continent
Category:Biota by country
Category:Biota by sea or ocean
Category:Genetics by type of organism
Category:Species by year of formal description
Category:Organisms by adaptation
Category:Biota by biogeographic realm
Category:Organisms by habitat
Category:Organisms by location
Category:Biocides
Category:Individual organisms
Category:Lists of biota
Category:Space-flown life
Category:Animals
Category:Archaea
Category:Bacteria
Category:Biodiversity
Category:Biopiracy
Category:Chimerism
Category:Common names of organisms
Category:Digital organisms
Category:Discovered cryopreserved organisms
Category:Eukaryotes
Category:Flora
Category:Fungi
Category:Hybrid organisms
Category:Microorganisms
Category:Model organisms
Category:Pests (organism)
Category:Plants
Category:Prehistoric biotas
Category:Prokaryotes
Category:Protista
Category:Senescence in non-human organisms
Category:Set index articles on organisms
Category:Organism size
Category:Superorganisms
Category:Viruses
Biologist
List of biologists
Aiiso Yufeng Li
Category:Biologists by century
Category:Biologists by ethnicity
Category:Biologists by field of research
Category:Biologists by nationality
Category:Lists of biologists
Category:Professorships in biology
Category:Women biologists
Category:Amateur biologists
Category:Biology award winners
Category:Biologists at the University of Cambridge
Category:Cultural depictions of biologists
Category:Fictional biologists
Category:Presidents of the Association of Applied Biologists
Category:Presidents of the International Union of Biochemistry and Molecular Biology
Category:Presidents of the International Union of Biological Sciences
Category:Pseudoscientific biologists
Category:Biologist stubs
Index of biology articles
List of laboratory biosecurity incidents
List of research methods in biology
Outline of biochemistry
Outline of biology
List of anatomical isthmi
Index of anatomy articles
List of animals that produce silk
List of animals by number of neurons
List of bacterial disulfide oxidoreductases
List of sequenced bacterial genomes
List of biodiversity databases
List of bioinformatics institutions
List of Accipitriformes by population
List of Anseriformes by population
List of Apodiformes by population
List of birds by population
List of Bucerotiformes by population
List of Charadriiformes by population
List of Ciconiiformes by population
List of Columbiformes by population
List of Coraciiformes by population
List of Cuculiformes by population
List of Falconiformes by population
List of Galliformes by population
List of Gaviiformes by population
List of Gruiformes by population
List of Passeriformes by population
List of Pelecaniformes by population
List of Phoenicopteriformes by population
List of Piciformes by population
List of Podicipediformes by population
List of Procellariiformes by population
List of Psittaciformes by population
List of Sphenisciformes by population
List of Struthioniformes by population
List of Tinamiformes by population
List of Trogoniformes by population
List of camouflage methods
List of chordate orders
List of clinically important bacteria
List of biological databases
Taxonomy of Drosera
List of EC numbers (EC 1)
List of EC numbers (EC 2)
List of EC numbers (EC 3)
List of EC numbers (EC 4)
List of EC numbers (EC 5)
List of EC numbers (EC 6)
List of EC numbers (EC 7)
List of enzymes
List of sequenced eukaryotic genomes
Index of evolutionary biology articles
List of human protein-coding genes 1
List of human protein-coding genes 2
List of human protein-coding genes 3
List of human protein-coding genes 4
Lists of human genes
List of genetically modified crops
List of habitats of principal importance in Wales
List of herbaria in Europe
List of herbaria in North America
List of herbaria in Turkey
List of herbaria
List of human blood components
List of human transcription factors
List of immune cells
List of interstitial cells
List of animals by number of legs
List of endemic species of Clipperton Island
List of honey bee pheromones
List of longest-living organisms
List of carnivorans by population
List of elephant species by population
List of even-toed ungulates by population
List of marsupials by population
List of odd-toed ungulates by population
List of primates by population
Lists of mammals by population
List of marine ecoregions
List of microorganisms tested in outer space
List of mitosporic Ascomycota
List of model organisms
Index of molecular biology articles
Outline of ants
List of institutes and centers of the National Institutes of Health
Outline of neuroscience
List of neuroscience databases
List of OBO Foundry ontologies
List of obsolete taxa
Lists of organisms by population
Outline of cell biology
List of parasitic organisms
List of participants in the Evolving Genes and Proteins symposium
List of plant orders
List of prehistoric bryozoan genera
List of proteins
Bibliography of biology
List of scattering experiments
List of brown seaweeds of the Cape Peninsula and False Bay
List of green seaweeds of the Cape Peninsula and False Bay
List of red seaweeds of the Cape Peninsula and False Bay
List of selective estrogen receptor modulators
List of sequenced animal genomes
List of sequenced archaeal genomes
List of sequenced fungi genomes
Lists of sequenced genomes
List of sequenced plant genomes
List of sequenced plastomes
List of sequenced protist genomes
List of subviral agents
Table of neurotransmitter actions in the ANS
List of unsolved problems in biology
List of biology websites
Category:Lists of biology lists
Category:Biodiversity lists
Category:Lists of biologists
Category:Lists of biota
Category:Ecology lists
Category:Lists of ecoregions
Category:Evolution-related lists
Category:Lists of forests
Category:Genetics-related lists
Category:Glossaries of biology
Category:Human biology-related lists
Category:Lists of largest organisms
Category:Life extension lists
Category:Medical lists
Category:Molecular-biology-related lists
Category:Paleontology lists
Category:Zoology-related lists
Biology in fiction
Flesh and Spirit (painting)
Category:Works about astrobiology
Category:Works about biochemistry
Category:Biology books
Category:Biology-themed board games
Category:Documentary television series about biology
Category:Films about biology
Category:Works about genetics
Category:Biological literature
Category:Television episodes about biology
Category:Biological simulation video games
Developmental bioelectricity
Electric fish
Geothrix fermentans
Category:Electrically active cells
Category:Electric fish
Biomagnetics
Iron oxide nanoparticle
Magnetic resonance imaging
Magnetofection
Nuclear magnetic resonance
BioBlitz
Biogeography of Deep-Water Chemosynthetic Ecosystems
Butterfly count
Census of Antarctic Marine Life
Census of Coral Reefs
Census of Diversity of Abyssal Marine Life
Census of Marine Life
Census of Marine Zooplankton
City Nature Challenge
Global Census of Marine Life on Seamounts
Gradsect
Great Elephant Census
List of BioBlitzes in New Zealand
Systematic Census of Australian Plants
Category:Bird censuses
Animalia Paradoxa
ARKive
Boundary paradox
Boundary paradoxes
List of taxa with candidatus status
Circumscriptional name
Cline (biology)
Compositional domain
Comstock–Needham system
Conserved name
Cormophyte
Cormus
Eocyte hypothesis
Evolutionary taxonomy
Form classification
GC-content
List of gene families
Grading (tumors)
Ichnotaxon
Infraspecific name
Institutiones rei herbariae
Isochore (genetics)
Kew Rule
Klepton
MONA number
Nomen novum
Non-cellular life
Pathovar
Phenetics
Quinarian system
Serotype
Sister group
Soft-bodied organism
Superorganism
Svenska Spindlar
Systema Naturae
Systematics
Taphotaxon
Taxon
Taxon in disguise
Taxonomic boundary paradox
Taxonomic boundary paradoxes
Taxonomic vandalism
Taxonomy (biology)
Three-domain system
Trace fossil classification
Two-domain system
U.S. National Vegetation Classification
Viridiplantae
Virus classification
Woeseian revolution
Category:British National Vegetation Classification
Category:Eukaryotes by classification
Category:Levels of organization (Biology)
Category:Biological nomenclature
Category:Phylogenetics
Category:Protein classification
Category:Sex
Category:Taxonomy (biology)
Category:Tree of life (biology)
Adult
Biological process
Circannual cycle
Compilospecies
Degeneracy (biology)
Field metabolic rate
Globoid (botany)
Hydrodynamic delivery
Injury
Intersex (biology)
Kleptotype
Locus suicide recombination
Mechanism (biology)
No-analog (ecology)
Resource (biology)
Sessility (motility)
The Seven Pillars of Life
Social Bonding and Nurture Kinship
Species
Thermolabile
Thermotolerance
Type (biology)
Category:Behavior
Category:Biological rules
Category:Biological theorems
Category:Biology laws
Category:Developmental biology concepts
Category:Evolutionary biology concepts
Category:Genetics concepts
Category:Biological hypotheses
Category:Biology theories
Animal efficacy rule
Artificially Expanded Genetic Information System
Biocontainment
Biocontainment of genetically modified organisms
Biological agent
Biorisk
Exposing Microorganisms in the Stratosphere
Garden waste dumping
Genetic pollution
Hachimoji DNA
Hazards of synthetic biology
Interplanetary contamination
Planetary protection
Smallpox virus retention debate
Category:Biological agents
Category:Biological hazards
Category:Toxins by type of organism
Animal epithet
Biohacker
Human uses of living things
Biology and political science
Biology in fiction
Biopunk
Body hacking
Cattle in religion and mythology
Disease in fiction
Do-it-yourself biology
Domestication of vertebrates
Evolution in fiction
Fermentation in food processing
Fungi in art
Human interactions with fungi
Human interactions with insects
Human interactions with microbes
Human interactions with molluscs
Human uses of animals
Human uses of arthropods
Human uses of bats
Human uses of birds
Human uses of mammals
Human uses of plants
Human uses of reptiles
Human uses of scorpions
Hysteroconcha dione
Insects in Japanese culture
Mushrooms in art
Pacific Biological Laboratories
Plant epithet
Symbiosis in fiction
Category:Animals in culture
Category:Botanical art
Category:Cultural depictions of biologists
Category:Fiction about dinosaurs
Category:Evolution in popular culture
Category:Biology in fiction
Category:Fiction about creatures
Category:Forests in culture
Category:Biological hazards
Category:Heads in the arts
Category:Human–animal interaction
Category:Infectious diseases in popular culture
Category:Biological mass media
Category:Plants in culture
Species description
Undescribed taxon
Category:Descriptions from Illustrations of Exotic Entomology
Category:Taxa
Category:Undescribed species
AP Biology
Bachelor of Science in Human Biology
Biological illustration
Biology by Team
Canadian Stem Cell Foundation
Creation and evolution in public education
Edinburgh BioQuarter
Fetal pig
Fleming Prize Lecture
GRE Biology Test
Institute of Food Technologists Student Association
Inter University Center for Bioscience
Joan Mott Prize Lecture
Journal of Bioscience and Bioengineering
List of National Association of Biology Teachers presidents
National Association of Biology Teachers
Phoenix Union Bioscience High School
Physiological Society Annual Review Prize Lecture
Keith R. Porter Lecture
Roshd Biological Education
SAT Subject Test in Biology E/M
SEA-PHAGES
Teacher Institute for Evolutionary Science
UCI School of Biological Sciences
Category:Biochemistry education
Category:Biology competitions
Category:Biology-themed board games
Category:Biomedical engineering departments
Category:Genetics education
Category:Stanford University Department of Biology faculty
Category:Biology education in the United Kingdom
Category:Biological simulation video games
Adam's apple
Dolbear's law
Leuckart's law
Lorenzo's oil
Paramesonephric duct
Southern blot
Watkins Landrace Wheat Collection
Category:Anatomy named for one who described it
Category:Eponymous diseases
Category:Eponyms in medicine
Category:Eponymous taxonomy
Anal pore
CoRR hypothesis
Cytoplasmic hybrid
Eukaryogenesis
Integrated stress response
Viral eukaryogenesis
Category:Eukaryotic cells
Category:Eukaryote genetics
Category:Eukaryote proteins
Category:SAR supergroup biology
Food science
Adverse food reaction
Annatto
Anthropology of food
Atwater system
Baking
Bataan Rice Enrichment Project
Bifidobacterium animalis
Bletting
Butter grading
A calorie is a calorie
Food choice
List of cholesterol in foods
Clarifying agent
Codex Alimentarius
Conventionally grown
Cooking oil
DATEM
Dextrose equivalent
Does Coffee Cause Cancer?
Dry basis
Efficiency of food conversion
European Union food quality scandal
Extract
Eyes (cheese)
FAO GM Foods Platform
Fermentation
Fermentation in food processing
Flavoring
Food additive
Food and biological process engineering
Food browning
Food engineering
Food grading
Food history
Food packaging
Food pairing
Food powder
Food processing
Food psychology
Food quality
Food rheology
Food safety
Food sampling
Food studies
Food technology
Food Valley
Food Weekly News
Foodomics
Geography of food
Glugging
Human nutrition
Hyperpalatable food
Ingredient-flavor network
Instant rice
Inverted sugar syrup
Limosilactobacillus
Liquefaction
List of microorganisms used in food and beverage preparation
Melanoidin
Miraculin
Molecular gastronomy
Molybdovanadate reagent
Monounsaturated fat
Mother of vinegar
Mouthfeel
Nova classification
Novel food
Nutraceutical
Nutritional science
Off-flavour
Packaging gas
Paprika oleoresin
Pectin
Phi Tau Sigma
Starch production
Putrefaction
Refined grains
Retort pouch
Retrogradation (starch)
Rheology of peanut butter
Rolled oats
Robert Smock
Sociology of food
Staling
Starch gelatinization
Steam infusion
Taste
Thermal death time
Thermoduric bacterium
Ultra-processed food
Unsaturated fat
Water activity
Category:Flavors
Category:Food additives
Category:Food chemistry
Category:Food databases
Category:Food engineering
Category:Food ingredients
Category:Food preservation
Category:Food safety
Category:Gustation
Category:Food science institutes
Category:Food science journals
Category:Molecular gastronomy
Category:Oenology
Category:Food processing
Category:Food scientists
Category:Food sensitivity
Category:Food technology
Category:Tilings in biology
History of biology
History of agricultural science
History of anatomy
Anecdotal cognitivism
History of Animals
History of research on Arabidopsis thaliana
Aristotle's biology
History of artificial life
Peter J. Bowler
Cabinet of curiosities
History of research on Caenorhabditis elegans
History of cell membrane theory
Coral of life
History of dendrobatid frogkeeping
History of electrophoresis
Extended evolutionary synthesis
The Growth of Biological Thought
History and Philosophy of the Life Sciences
Humboldtian science
International Biological Program
International Phytogeographic Excursion
International Society for the History, Philosophy, and Social Studies of Biology
Kitāb al-Hayawān
Letter of three hundred
Microscopic discovery of microorganisms
History of model organisms
Molecular Structure of Nucleic Acids: A Structure for Deoxyribose Nucleic Acid
Montpellier vitalism
Natural history
Nature study
Ohno's law
One gene–one enzyme hypothesis
Organic memory
Pangenesis
Parable of the Sunfish
Parson-naturalist
Phage group
Physiologus
History of plant systematics
History of polymerase chain reaction
Preformationism
Quinarian system
Sensory history
Studies in History of Biology
Taxonomic boundary paradox
Tree of life (biology)
Vital heat
Vitalism
Category:History of biology by subdiscipline
Category:Biology by year
Category:Biology by decade
Category:Biology by century
Category:Biologists
Category:History of bioethics
Category:Biology and natural history in the Dutch Republic
Category:Biological events
Category:Biology experiments
Category:Historians of biology
Category:Natural history
Category:Obsolete biology theories
Category:Obsolete taxa
Category:Biology timelines
Category:Images of animals
Category:Genetics images
Category:Paleontology images
File:DUF4596 Region from PRP36.png
File:Gaurav mockup.png
File:Oxford Dictionary of Biology.jpg
File:PRP36 Cellular Location.png
File:PRP36 Interacting Proteins.png
File:Unigene EST Tissue Expression for PRP36.png
File:Wych-Elm selborne.jpg
Biological interaction
Antibiosis
Camouflage
Cancer selection
Carnivore
Cheating (biology)
Commensalism
Competition (biology)
Competitive exclusion principle
Consumer–resource interactions
Critical distance (animals)
Crypsis
Ecological facilitation
Epibiont
Exploitative interactions
Facilitation cascade
Fecundity selection
Foliicolous
Heterotrophic nutrition
Holozoic nutrition
Host (biology)
Host–pathogen interaction
Interspecific competition
Intraguild predation
Intraspecific competition
Isotricha
Kappa organism
Kleptoprotein
Microbivory
Mutualism (biology)
Mutualism Parasitism Continuum
Natural selection
Nocturnality
Obligate mutualism
Paradox of the plankton
PHI-base
Popularity
Resource (biology)
Scramble competition
Size-asymmetric competition
Syntrophy
Territory (animal)
Xenosome
Category:Chemosynthetic symbiosis
Category:Biological defense mechanisms
Category:Eating behaviors
Category:Mutualism (biology)
Category:Reproduction
Category:Symbiosis
Antinatalism
Autopoiesis and Cognition: The Realization of the Living
Behind the Mirror
Benatar's asymmetry argument
Bioethics
Biofacticity
Biological determinism
Biological naturalism
Biology & Philosophy
Carnism
Chemoton
Clade
Cladistics
Conservation biology
Dawkins vs. Gould
Developmental biology
Developmental homeostasis
Evolutionary biology
Feminist biology
Fisherian runaway
The Growth of Biological Thought
Nicolai Hartmann
History and Philosophy of the Life Sciences
International Society for the History, Philosophy, and Social Studies of Biology
Materialism controversy
Monad to Man
Monarch Watch
Natalism
Natural design
Natural landscape
Natural Theology or Evidences of the Existence and Attributes of the Deity
Neurophilosophy
Parable of the Sunfish
Philosophy of biology
Philosophy of medicine
Precambrian rabbit
The Seven Pillars of Life
Shadow biosphere
Structuralism (biology)
Teleology in biology
Theistic evolution
Transformed cladistics
What Is Life?
Category:Antinatalism
Category:Bioethics
Category:Biological concepts
Category:Deep ecology
Category:Developmental biology
Category:Natalism
Category:Neurophilosophy
Category:Philosophers of biology
Category:Philosophy of sexuality
Biological process
Activation
Assimilation (biology)
Basics of blue flower colouration
Basics of white flower colouration
Biochemical cascade
Biocommunication (science)
Biological rhythm
Biomineralization
Biomolecular engineering
Biotinylation
The Chemical Basis of Morphogenesis
Chemosynthesis
Chronobiology
Codon reassignment
Cyclomorphosis
Degranulation
Electrolithoautotroph
Excretion
Field cancerization
Free radical
Gas exchange
Hydrogen sulfide chemosynthesis
Hydroxyl radical
Imbibition
Immunoglobulin class switching
Isothermal microcalorimetry
Kinetic proofreading
N-philes
Palmitate mediated localization
Photosynthesis
PI curve
Process
Proofreading (biology)
Radical (chemistry)
Replicate (biology)
Sclerobiont
Sex
Spontaneous absolute asymmetric synthesis
Substrate presentation
Thermal analysis
Thrifty phenotype
Transcellular transport
Transdifferentiation
Turing pattern
Xenohormesis
Category:Angiogenesis
Category:Biogeomorphology
Category:Cellular processes
Category:Evolutionary processes
Category:Homeostasis
Category:Immune system process
Category:Pigmentation
Category:Reproduction
Category:Self-replication
Category:Senescence
Category:Steroid hormone biosynthesis
Category:Viral life cycle
Quantum biology
Basics of blue flower colouration
Basics of white flower colouration
Davydov soliton
Alexander Davydov
Jim Al-Khalili
Seth Lloyd
Magnetoreception
Johnjoe McFadden
Orchestrated objective reduction
Photosynthesis
Quantum Aspects of Life
Nigel Scrutton
Luca Turin
Vibration theory of olfaction
What Is Life?
Sulemana Abdul Samed
Acmella nana
Barbara Stratzmann
Big Jake (horse)
Blue whale
Cephalopod size
Shridhar Chillal
Colonel Meow
Fastest animals
List of heaviest people
List of birds by flight heights
List of people with the most children
Mariam Nabatanzi
List of oldest fathers
Organisms at high altitude
Pregnancy over age 50
Registry of World Record Size Shells
Sampson (horse)
List of the verified shortest people
List of tallest people
List of superlative trees
Ayanna Williams
Category:Heaviest or most massive organisms
Category:Largest organisms
Category:Lists of people-related superlatives
Category:Oldest organisms
Category:Origin of life
Category:Smallest organisms
Biological rules
Bateson's rule
Competitive exclusion principle
Cope's rule
Cospeciation
Dollo's law of irreversibility
Emery's rule
Fahrenholz's rule
Haldane's rule
Heuristic
Jarman–Bell principle
Koch's postulates
Lack's principle
Rensch's rule
Rosa's rule
Von Baer's laws (embryology)
Category:Ecogeographic rules
Category:Biology awards
Category:Biology conferences
Category:Biology controversies
Category:Biology organizations
Category:Fossil specimens
Category:Individual animal corpses
Category:Individual taxidermy exhibits
Category:Lost specimens
Biological system
Biological systems engineering
Biosphere
Calcium in biology
Cobalt in biology
Deep biosphere
Developmental systems theory
Ecosystem collapse
Ecosystem model
Free energy principle
Iodine in biology
Iron in biology
Irreducible complexity
Living systems
Magnesium in biology
Manganese in biology
Microcosm (experimental ecosystem)
Molybdenum in biology
Potassium in biology
Regeneration (ecology)
Selenium in biology
Sodium in biology
Svenska Spindlar
Systema Naturae
Volyn biota
Zinc in biology
Category:Ecosystems
Category:Evolution of the biosphere
Category:Organ systems
Agarose gel electrophoresis
Altered nuclear transfer
Alzheimer's Disease Neuroimaging Initiative
Antibody testing
Aseptic sampling
Biocontainment of genetically modified organisms
Bioelectrospray
Biological imaging
Biological network
Biological tests of necessity and sufficiency
Biomarker
Biositemap
Camera trap
Campenot chamber
Capillary electrochromatography
Cell cycle analysis
7-Chlorokynurenic acid
Chromatography
Colony picker
Copurification
CyTOF
Cytometry
Dissection
DNA laddering
E-SCREEN
Electrochromatography
Electrophoretic color marker
Electrophoretic mobility shift assay
Embryo drawing
Empire (program)
Experimental biology
Fascial Net Plastination Project
Fast-scan cyclic voltammetry
FI6 (antibody)
Fluctuation-enhanced sensing
Freeze-fracture
Gravity-assisted microdissection
Imaging biomarker
Immunodiffusion
Immunofluorescence
In situ hybridization
In vitro models for calcification
ION LMD
Lanthanide probes
Laser capture microdissection
LiMETER
List of environmental sampling techniques
Luminex Corporation
Mesowear
Metaproteomics
Methyl green
Molecular risk assessment
Molecular-weight size marker
MRNA-based disease diagnosis
Neutron-velocity selector
Non-invasive micro-test technology
Optogenetic methods to record cellular activity
Optogenetics
Ouchterlony double immunodiffusion
ParaSurf
Pathatrix
Peptide microarray
Plasmid preparation
Prosection
Pulsed-field gel electrophoresis
Radar ornithology
Radial immunodiffusion
Reagent
Recognition signal
Relative rate test
Sampling (medicine)
Sca-1
Scaffolding (bioinformatics)
SeaSeep
SEEC microscopy
Sensing of phage-triggered ion cascades
Sherman trap
SOS chromotest
Spiral plater
Staining
Time-lapse microscopy
Ultramicrotomy
Waru Waru
Z-factor
Category:Biochemistry methods
Category:Biomarkers
Category:Biophysics methods
Category:Cell imaging
Category:Cloning
Category:Ecological techniques
Category:Entomology equipment
Category:Environmental Sampling Equipment
Category:Flow cytometry
Category:Fluorescence techniques
Category:Genetics techniques
Category:Immunologic tests
Category:Microbiology equipment
Category:Microbiology techniques
Category:Biological models
Category:Molecular biology techniques
Category:Reagents for biochemistry
Acclimatization
Adaptation
Aerobic organism
Animal
Archaea
Autotroph
Bacteria
Biofact (biology)
Bioliteracy
Biological target
Biomarker
Biosignal
Biosignature
Catabiosis
Chemotroph
Eukaryote
Exopheromone
Facilitation cascade
Facultative
Flux (biology)
Glossary of invasion biology terms
Gracility
Haplotype block
Heterotroph
Hindgut fermentation
Homeostasis
Hybrid (biology)
Hybrid incompatibility
Individuation
Infraspecific name
Kingdom (biology)
Klepton
Landrace
Landscape limnology
Legion (taxonomy)
Liana
Earliest known life forms
Live crown
Matriphagy
MERMOZ
Modularity (biology)
Molluscivore
Monoclonality
Monogastric
Mycobiota
Natural competence
Natural landscape
Obligate
Oophagy
Oxford Dictionary of Biology
Paratype
Patch dynamics
Perceptual trap
Perennation
Permanent vegetative cover
Permissiveness (endocrinology)
Photoautotroph
Photoheterotroph
Photokinesis
Photoperiodism
Phototaxis
Phototroph
Phototropism
Plant litter
Postglacial vegetation
Prehensility
Proteostasis
Psammon
Psammophyte
Pyrrolizidine alkaloid sequestration
Range state
Redundancy principle (biology)
Relict
Reproductive interference
Retinalophototroph
Rimose
Runt
Smash and Grab (biology)
Sociome
Soil seed bank
Species
Storage organ
Subphylum
Subspecies
Substrate (biology)
Subvariety (botany)
Suctorial
Syngameon
Tasmanian coniferous shrubbery
Taxonomic rank
Temperature-sensitive mutant
Thanatocoenosis
Tiller (botany)
Toxin
Tropical vegetation
Understory
Vagrancy (biology)
Woody plant
Xerophile
Z-value (temperature)
Category:Bacteriology terminology
Category:Biological rules
Category:Botanical terminology
Category:Ecology terminology
Category:Evolutionary biology terminology
Category:Genetics terms
Category:Glossaries of biology
Category:Latin biological phrases
Category:Microbiology terms
Category:Biological nomenclature
Unsolved problems in biology
Avalon explosion
Cambrian explosion
Extraterrestrial life
Missing heritability problem
Nanobacterium
Category:Ailments of unknown cause
Category:Unsolved problems in neuroscience
Banana peel
Biomedical waste
Blue ice (aviation)
Brewer's spent grain
Human waste
Shit flow diagram
Category:Animal waste products
Category:Excretion
Category:Medical waste
Template:Biology-stub
Acidophobe
Adelphogamy
Adrenopause
Alliance (taxonomy)
Allogamy
Altered nuclear transfer
Annual cycle
Associated reproductive pattern
Autotoky
Bateson's cube
Biconcave disc
Biodistribution
Biofact (biology)
Bioliteracy
Biological cost
Biological economics
Biological imaging
Biological station
Bionta
Biotheology
Biothermia
Body (biology)
Bradyaerobic
Buffer P2
Cell Ontology
Cellular thermal shift assay
Choanosome
Commissure
Comutagen
Cophenetic
Cormus
Corneometry
Corneous
Cycle of quantification/qualification
Cyclomorphosis
Demineralization (physiology)
Depensation
Dibling
Dipsogen
Direct development
Effective half-life
Electrohydrogenesis
EndoMac progenitor cell
Endothelium-derived relaxing factor
Enteric glia
Exogenote
Extremotroph
Field metabolic rate
Fishhook ureter
Floc (biofilm)
Flux (biology)
Folk biology
Fractal physiology
Frondose
Glacial relict
Goodwin model (biology)
Heterogamy
Homotopic connectivity
Human Biomolecular Atlas Program
Hygroreception
Hyperactivation
Hyperchromicity
Hypothalamic–pituitary–prolactin axis
Hypothalamic–pituitary–somatotropic axis
Hypothetical list of biota
Idiobiology
INF1
Infradian rhythm
International Census of Marine Microbes
Inundative application
Kleptoprotein
Korean Biology Olympiad
Late Elongated Hypocotyl
Lee–Boot effect
Legion (taxonomy)
Life list
Limostatin
Lophelia reef
Maintenance requirement (biology)
Master of Biological Sciences
Mathematical physiology
Matrix-M
Membrane stabilizing effect
Membranome
Memeplex
Menace response
Metabolite pool
Metakaryota
Mihi itch
Milt
Monogastric
Monolysocardiolipin
Morphome
Mothing
Mucrocetin
Mutualism Parasitism Continuum
Natural design
Normalized Difference Red Edge Index
Nunatak hypothesis
Osmotic dehydration
Ovitrap
Pacific Ocean Shelf Tracking Project
Pantropical
Peptone water
Permanent cell
Photophobia (biology)
Phylotype
Physiological condition
Pigment spot ocellus
Place theory
Polarized membrane
Population biology
Pre-integration complex
Primary vein
Proceptive phase
Protein leverage hypothesis
Proteoform
Psammophile
Quantitative biology
Radioimmunoprecipitation assay buffer
Range fractionation
Rate of force development
Rational design
REG1
Relative apparent synapomorphy analysis
Renkonen similarity index
Replicate (biology)
Resorption
Rheotaxis
Sackett self-selection circus
Schauenberg's index
Schismatomma pericleum
Section (biology)
Self-limiting (biology)
Semi-field study
Sentinel cell
Serum chloride
Simband
Skin equivalent
SLC16A11
Slow vertex response
Soil-adjusted vegetation index
Somatopause
Sonic characteristics of marine species
Species inquirenda
Specificity (symbiosis)
Sperm precedence
Splooting
Stodtmeister cell
Stretch receptor
Subfamily
Suctorial
Synthetic Biology Open Language
Synthetic catalytic scavenger
Synthetic mycoides
Taphotaxon
Tarsaliini
Taxonomic vandalism
Telescoping generations
Temporin
Tension zone
Tetradecadienyl acetates
Thermal grill illusion
Thermolabile
Tissue heterogeneity
Tokogeny
Toponomics
Tornaria
Transstadial transmission
Tree-Puzzle
Turnip crinkle virus (TCV) hairpin H4
Type II sensory fiber
Ultrasonic hearing
Vagal escape
Vespertine (biology)
Virtual microscope project
Voice break
Wetware (biology)
Xenosome
Category:Anatomy stubs
Category:Astrobiology stubs
Category:Biochemistry stubs
Category:Biologist stubs
Category:Biophysics stubs
Category:Biotechnology stubs
Category:Biology book stubs
Category:Botany stubs
Category:Biological database stubs
Category:Developmental biology stubs
Category:Ecology stubs
Category:Evolution stubs
Category:Genetics stubs
Category:Biology journal stubs
Category:Microbiology stubs
Category:Mycology stubs
Category:Neuroscience stubs
Category:Biology organization stubs
Category:Paleontology stubs
Category:Parasite stubs
Category:Zoology stubs
Category:Ediacaran biota stubs
Category:Eukaryote stubs
Category:Biology stub templates
